[preview.colorlib.com/theme/orbit/index.html]
[preview.colorlib.com/theme/orbit/css/bootstrap.min.css]
[preview.colorlib.com/theme/orbit/css/owl.carousel.min.css]
[preview.colorlib.com/theme/orbit/css/owl.theme.default.min.css]
[preview.colorlib.com/theme/orbit/css/jquery.fancybox.min.css]
[preview.colorlib.com/theme/orbit/fonts/icomoon/style.css]
[preview.colorlib.com/theme/orbit/fonts/flaticon/font/flaticon.css]
[preview.colorlib.com/theme/orbit/css/aos.css]
[backblue.gif]
[fade.gif]
[index.html]
[preview.colorlib.com/theme/orbit/css/style.css]
[preview.colorlib.com/theme/orbit/index-2.html]
[preview.colorlib.com/theme/orbit/images/hero_img.jpg]
[preview.colorlib.com/theme/orbit/images/image_1_long.jpg]
[preview.colorlib.com/theme/orbit/images/work_5.jpg]
[preview.colorlib.com/theme/orbit/images/work_1.jpg]
[preview.colorlib.com/theme/orbit/images/work_2.jpg]
[preview.colorlib.com/theme/orbit/images/work_3.jpg]
[preview.colorlib.com/theme/orbit/images/work_4.jpg]
[preview.colorlib.com/theme/orbit/images/work_6.jpg]
[preview.colorlib.com/theme/orbit/images/work_7.jpg]
[preview.colorlib.com/theme/orbit/images/person_1.jpg]
[preview.colorlib.com/theme/orbit/images/person_2.jpg]
[preview.colorlib.com/theme/orbit/images/person_3.jpg]
[preview.colorlib.com/theme/orbit/images/person_4.jpg]
[preview.colorlib.com/theme/orbit/js/jquery-3.4.1.min.js]
[preview.colorlib.com/theme/orbit/js/jquery-migrate-3.0.1.min.js]
[preview.colorlib.com/theme/orbit/js/popper.min.js]
[preview.colorlib.com/theme/orbit/js/bootstrap.min.js]
[preview.colorlib.com/theme/orbit/js/jquery.easing.1.3.js]
[preview.colorlib.com/theme/orbit/js/jquery.stellar.min.js]
[preview.colorlib.com/theme/orbit/js/jquery.waypoints.min.js]
[preview.colorlib.com/theme/orbit/js/isotope.pkgd.min.js]
[preview.colorlib.com/theme/orbit/js/jquery.fancybox.min.js]
[preview.colorlib.com/theme/orbit/js/aos.js]
[preview.colorlib.com/theme/orbit/js/imagesloaded.pkgd.js]
[preview.colorlib.com/theme/orbit/index.html]
[preview.colorlib.com/theme/orbit/css/bootstrap.min.css]
[preview.colorlib.com/theme/orbit/css/owl.carousel.min.css]
[preview.colorlib.com/theme/orbit/css/owl.theme.default.min.css]
[preview.colorlib.com/theme/orbit/css/jquery.fancybox.min.css]
[preview.colorlib.com/theme/orbit/js/custom.js]
[preview.colorlib.com/theme/orbit/fonts/icomoon/fonts/icomoon1a44.eot]
[preview.colorlib.com/theme/orbit/fonts/icomoon/fonts/icomoon1a44.woff]
[preview.colorlib.com/theme/orbit/fonts/icomoon/style.css]
[preview.colorlib.com/theme/orbit/fonts/flaticon/font/Flaticon.eot]
[preview.colorlib.com/theme/orbit/fonts/icomoon/fonts/icomoon1a44.svg]
[preview.colorlib.com/theme/orbit/fonts/flaticon/font/Flaticond41d.eot]
[preview.colorlib.com/theme/orbit/fonts/flaticon/font/Flaticon.woff2]
[preview.colorlib.com/theme/orbit/fonts/icomoon/fonts/icomoon1a44.ttf]
[preview.colorlib.com/theme/orbit/fonts/flaticon/font/Flaticon.woff]
[preview.colorlib.com/theme/orbit/fonts/flaticon/font/Flaticon.ttf]
[preview.colorlib.com/theme/orbit/fonts/flaticon/font/flaticon.css]
[preview.colorlib.com/theme/orbit/css/aos.css]
[preview.colorlib.com/theme/orbit/fonts/flaticon/font/Flaticon.svg]
[preview.colorlib.com/theme/orbit/css/style.css]
[preview.colorlib.com/theme/orbit/index-2.html]
[preview.colorlib.com/theme/orbit/images/dots.png]
[preview.colorlib.com/theme/orbit/fonts/icomoon/fonts/icomoon1a44.svg]
[preview.colorlib.com/theme/orbit/fonts/flaticon/font/Flaticon.svg]
